// Jest Snapshot v1, https://goo.gl/fbAQLP

exports[`CharactersTitle snapshot 1`] = `
<View
  accessibilityState={
    {
      "busy": undefined,
      "checked": undefined,
      "disabled": undefined,
      "expanded": undefined,
      "selected": undefined,
    }
  }
  accessibilityValue={
    {
      "max": undefined,
      "min": undefined,
      "now": undefined,
      "text": undefined,
    }
  }
  accessible={true}
  collapsable={false}
  focusable={true}
  onClick={[Function]}
  onResponderGrant={[Function]}
  onResponderMove={[Function]}
  onResponderRelease={[Function]}
  onResponderTerminate={[Function]}
  onResponderTerminationRequest={[Function]}
  onStartShouldSetResponder={[Function]}
  style={
    {
      "borderColor": "white",
      "borderRadius": 5,
      "borderWidth": 1,
      "margin": 20,
      "opacity": 1,
      "padding": 10,
    }
  }
>
  <Text
    style={
      {
        "color": "white",
        "fontSize": 20,
        "letterSpacing": 2,
      }
    }
  >
    Test Character
  </Text>
</View>
`;
